[homy.framer.media/index.html]
[backblue.gif]
[fade.gif]
[index.html]
[framerusercontent.com/images/G7lDIA4ifkbEuCxtUyJ4bPWkXtI.png]
[homy.framer.media/properties.html]
[homy.framer.media/about-us.html]
[homy.framer.media/contact-us.html]
[framerusercontent.com/images/NXdUSIBNIJTu11OIau01snTtI677d.png]
[framerusercontent.com/images/GxM7bKLSVnAGAmdHwGVLuMTXUdc1a.png]
[framerusercontent.com/images/xr937T4MDyNfNI6hQKE0vaUL0Rkdc1a.png]
[framerusercontent.com/images/9OKbutbMYdTLxQ8UP6D7nFyc7NMdc1a.png]
[framerusercontent.com/images/JmEO3k1QnS2hTbLE5miZu6iHho49ad.png]
[framerusercontent.com/images/C2ebO7rPg1aRgfSeP2BBMcx45Acfc8.png]
[framerusercontent.com/images/7kuxPVTjMLe1PbETJGXV0BIBB6sb1eb.png]
[framerusercontent.com/images/RakXiRCu0eigdFvdHDqHa9us9PQ0b4e.png]
[framerusercontent.com/images/9f8iJp01qFDus81SvpwrwV1vd4ce8f.png]
[framerusercontent.com/images/4B05oCYBsBA8ZhBFWOzFLgleWM1054.png]
[homy.framer.media/properties/sky-high-condo.html]
[framerusercontent.com/images/SCmPl4wPCIenDO4rrG5EsNrpsJg1054.png]
[homy.framer.media/properties/downtown-loft.html]
[framerusercontent.com/images/2LXhTbxMglkXHEUCXW8SBkvPGQ1054.png]
[homy.framer.media/properties/emerald-bay-villa.html]
[framerusercontent.com/images/Pt48YpvwQR3aV3F0PcwV1ZfGs3c11.png]
[framerusercontent.com/images/fTvLhDbO86UBiJORkMBXabiLfMe0e1.png]
[framerusercontent.com/images/Cn8DCdolOsfC5Loc5Z2UAI1fYd79a.png]
[framerusercontent.com/images/CdWqqbxMdI0CYbn1OZIsaPpFSUe0e1.png]
[homy.framer.media/properties/hillside-view-house.html]
[framerusercontent.com/images/QmCjEL8YSsyArnN9l5L7Ox8LdSQ1054.jpg]
[homy.framer.media/properties/modern-hillside-home.html]
[framerusercontent.com/images/mb3QlyCAPbWtOk03gQVAadvWA1054.jpg]
[homy.framer.media/properties/dallas-townhouse.html]
[framerusercontent.com/images/Hs28VYJsumw25Bf01iFhauVh6U1054.png]
[homy.framer.media/properties/urban-modern-house.html]
[framerusercontent.com/images/unUSH9a5g14PTwmHdV6e56xNIs1054.png]
[framerusercontent.com/images/acIeRY2yV2JQft8tHEVInJNRM892a.png]
[framerusercontent.com/images/7dVYJ55BZQIncK7SDGrshTKZcE0d3da.png]
[framerusercontent.com/images/OgBtefhmhr3VouU2xaj0nJf603af6.png]
[framerusercontent.com/images/HEZdbLUhbczLhoFloUmzapT33QQ6179.png]
[framerusercontent.com/images/TPme1TmgGcM5s0V2rbRpTFZhMI53c9.png]
[framerusercontent.com/images/PxK4SiyP328sI5a8iZD9GzF1psw0a06.png]
[framerusercontent.com/images/24676iJ3kvc31oG1WX19Yc7fCV075d1.png]
[framerusercontent.com/images/nuTtmfD0U8YTAyaN05gJQw2XUff3c.png]
[framerusercontent.com/images/lQ2c1tUqYlj0bLtzWgULCmgN7Q342a.png]
[homy.framer.media/privacy-policy.html]
[framerusercontent.com/images/QmCjEL8YSsyArnN9l5L7Ox8LdSQ3d92.jpg]
[framerusercontent.com/images/mb3QlyCAPbWtOk03gQVAadvWA9978.jpg]
[framerusercontent.com/images/Hs28VYJsumw25Bf01iFhauVh6U7ee0.png]
[framerusercontent.com/images/unUSH9a5g14PTwmHdV6e56xNIs885c.png]
[framerusercontent.com/images/4B05oCYBsBA8ZhBFWOzFLgleWM13ab.png]
[framerusercontent.com/images/SCmPl4wPCIenDO4rrG5EsNrpsJg1110.png]
[framerusercontent.com/images/2LXhTbxMglkXHEUCXW8SBkvPGQ6666.png]
[homy.framer.media/index.html]
[homy.framer.media/properties/forest-side-residence.html]
[framerusercontent.com/images/Nj9OjAPTRZNiNkRnthqiVOPzc1054.png]
[homy.framer.media/properties/soma-studio.html]
[framerusercontent.com/images/xWMkHMztTI5LB93DADpPabroXU1054.png]
[homy.framer.media/properties/beachfront-villa.html]
[framerusercontent.com/images/gVIlNTQjcuqa95nEf0rjan1Z81054.png]
[homy.framer.media/properties/sunset-townhouse.html]
[framerusercontent.com/images/mWMOHNpBPM9YEv2YvIsLh9n1g7k1054.png]
[framerusercontent.com/images/Nhfmrz658cJu4j1XNGaBkiVhA1054.png]
[homy.framer.media/properties/palm-springs-villa.html]
[homy.framer.media/properties/midtown-apartment.html]
[framerusercontent.com/images/Vfn4eeciqKniY85fukB1U8Zyig1054.png]
[homy.framer.media/properties/lakefront-condo.html]
[framerusercontent.com/images/nqti5jqskQeUgczkdkSddvHLITw1054.png]
[homy.framer.media/properties/coral-gables-home.html]
[framerusercontent.com/images/v0B6j2jKVhCiB43Z9GKJVlYgtpc1054.png]
[framerusercontent.com/images/Nj9OjAPTRZNiNkRnthqiVOPzc9c30.png]
[framerusercontent.com/images/xWMkHMztTI5LB93DADpPabroXUe642.png]
[framerusercontent.com/images/gVIlNTQjcuqa95nEf0rjan1Z88f93.png]
[framerusercontent.com/images/mWMOHNpBPM9YEv2YvIsLh9n1g7k72c7.png]
[framerusercontent.com/images/Nhfmrz658cJu4j1XNGaBkiVhAc76d.png]
[framerusercontent.com/images/Vfn4eeciqKniY85fukB1U8Zyig296b.png]
[framerusercontent.com/images/nqti5jqskQeUgczkdkSddvHLITwf594.png]
[framerusercontent.com/images/v0B6j2jKVhCiB43Z9GKJVlYgtpc3a87.png]
[homy.framer.media/properties.html]
[framerusercontent.com/images/4HL0fzFRq5ePZ1mpJXpZ4a4y5Yccb6.png]
[framerusercontent.com/images/g2f5kGpjo90woC6PDiMZlxyN0w7e8c.png]
[framerusercontent.com/images/fIyAjnZ2gAZdn550oqGHb6GoSzA28de.png]
[framerusercontent.com/images/5Vxo16bNUTl6ZclqgomJdW5Qa2fc.png]
[framerusercontent.com/images/dJ7fWLlvgxhbTwk9okaVDZFG7JA90ee.jpg]
[framerusercontent.com/images/fzQ2xS2V9QmSJmALiGNMih6TWYU918f.png]
[framerusercontent.com/images/KJ8VlLuAo5JRrMqlrZ6SuEFJIQ918f.png]
[framerusercontent.com/images/kgO0bckgo4wHvesBw5PMbiFiD2I918f.png]
[homy.framer.media/about-us.html]
[framerusercontent.com/images/qFdT9uikjTH2yp4jiz8Oy1EeV41c4a.png]
[homy.framer.media/contact-us.html]
[framerusercontent.com/images/a6EYDG2PkGeMeEFI0144pbicA1054.png]
[framerusercontent.com/images/AxMqyuOWZsGw5xI6gGTa1nhdcc1054.png]
[framerusercontent.com/images/QxsOryvNdh1GTWDKLaxuAek8Ajg6442.jpg]
[framerusercontent.com/images/a6EYDG2PkGeMeEFI0144pbicA8684.png]
[framerusercontent.com/images/AxMqyuOWZsGw5xI6gGTa1nhdccaaa1.png]
[framerusercontent.com/images/QxsOryvNdh1GTWDKLaxuAek8Ajgc1d3.jpg]
[homy.framer.media/properties/sky-high-condo.html]
[framerusercontent.com/images/XHSiq6su4pphMPtRAzwh6yu5Y4U1054.png]
[framerusercontent.com/images/H60YpTAa5us5AApAOCS67i9xqY1054.png]
[framerusercontent.com/images/FJc6EtVgxBKchv6O2r10j83ilIIad48.jpg]
[framerusercontent.com/images/XHSiq6su4pphMPtRAzwh6yu5Y4Ua4d0.png]
[framerusercontent.com/images/H60YpTAa5us5AApAOCS67i9xqY8c01.png]
[framerusercontent.com/images/FJc6EtVgxBKchv6O2r10j83ilII03d0.jpg]
[homy.framer.media/properties/downtown-loft.html]
[framerusercontent.com/images/TnWfniT1k0yJYprUeSYZjpb2Fo1054.png]
[framerusercontent.com/images/RkxOJRXCe8yqAloctW3I8EtT01054.png]
[framerusercontent.com/images/i9XlWb9aJJQDgMht6TzoJMdflZY3c98.jpg]
[framerusercontent.com/images/TnWfniT1k0yJYprUeSYZjpb2Fof15b.png]
[framerusercontent.com/images/RkxOJRXCe8yqAloctW3I8EtT09437.png]
[framerusercontent.com/images/i9XlWb9aJJQDgMht6TzoJMdflZY948d.jpg]
[homy.framer.media/properties/emerald-bay-villa.html]
[framerusercontent.com/images/2e5X0Lp6aTVzCEfyOEnDgKuN7Pw590d.png]
[framerusercontent.com/images/hVopKBmBnD5YtZ1ZzfHQlgJIXBQ590d.png]
[framerusercontent.com/images/y8GfVdwtHd2J7ZQa3Tc6k0lSg1ca2e1.png]
[framerusercontent.com/images/2e5X0Lp6aTVzCEfyOEnDgKuN7Pw81fe.png]
[framerusercontent.com/images/hVopKBmBnD5YtZ1ZzfHQlgJIXBQ36d4.png]
[framerusercontent.com/images/y8GfVdwtHd2J7ZQa3Tc6k0lSg1c1c38.png]
[homy.framer.media/properties/hillside-view-house.html]
[framerusercontent.com/images/RdX1pfyrAeQ60ViPhWyZj98cvM1054.png]
[framerusercontent.com/images/d4bbsGsDJ56Bv0X0Sl8WimIeHzA1054.jpg]
[framerusercontent.com/images/uKPfK08ywsUpIeGt9kmBfaVJfE3c98.jpg]
[framerusercontent.com/images/RdX1pfyrAeQ60ViPhWyZj98cvM8ccc.png]
[framerusercontent.com/images/d4bbsGsDJ56Bv0X0Sl8WimIeHzA4928.jpg]
[framerusercontent.com/images/uKPfK08ywsUpIeGt9kmBfaVJfE9237.jpg]
[homy.framer.media/properties/modern-hillside-home.html]
[framerusercontent.com/images/yOdTsLHyVYJtTN0cWFTecJSlIg1054.png]
[framerusercontent.com/images/fpaYDfZrIl7dyaMkII2rkOs1054.png]
[framerusercontent.com/images/wj6eGC6ENPfWRW1HCoX0PVMwHs3c98.jpg]
[framerusercontent.com/images/yOdTsLHyVYJtTN0cWFTecJSlIg2e3a.png]
[framerusercontent.com/images/fpaYDfZrIl7dyaMkII2rkOs8f36.png]
[homy.framer.media/properties/dallas-townhouse.html]
[framerusercontent.com/images/wj6eGC6ENPfWRW1HCoX0PVMwHs3d83.jpg]
[framerusercontent.com/images/hPOPfiQGPn5VmFYnqXiqZM67Rw1054.jpg]
[framerusercontent.com/images/Jt5Cpv9rvNfdl3ONFRRtjhlVu81054.png]
[framerusercontent.com/images/RCiM6ZLGv8sneyCqVTVYyQxESek7b5a.jpg]
[framerusercontent.com/images/hPOPfiQGPn5VmFYnqXiqZM67Rw475d.jpg]
[framerusercontent.com/images/Jt5Cpv9rvNfdl3ONFRRtjhlVu81dab.png]
[framerusercontent.com/images/RCiM6ZLGv8sneyCqVTVYyQxESek20ba.jpg]
[homy.framer.media/properties/urban-modern-house.html]
[homy.framer.media/privacy-policy.html]
[homy.framer.media/terms-of-service.html]
[framerusercontent.com/images/4dm6fuE1Fkb42x8iL0o0Jzd0kM1054.png]
[framerusercontent.com/images/f4k0JwNZ9omcXddLqPYhPeWerM1054.png]
[framerusercontent.com/images/ew3w3dkVTebxlHtkHZTi8mdEu1U7b5a.jpg]
[framerusercontent.com/images/4dm6fuE1Fkb42x8iL0o0Jzd0kM5362.png]
[framerusercontent.com/images/f4k0JwNZ9omcXddLqPYhPeWerM497c.png]
[framerusercontent.com/images/ew3w3dkVTebxlHtkHZTi8mdEu1U6d94.jpg]
[homy.framer.media/properties/forest-side-residence.html]
[framerusercontent.com/images/ARueQHyt4ZjyhjdyzmWAAjHo2U1054.png]
[framerusercontent.com/images/ftogejPdk0oXG19Viy4a234qHg1054.png]
[framerusercontent.com/images/9a5aCxqCQxDVEsE0bOWsRFg83696.jpg]
[framerusercontent.com/images/ARueQHyt4ZjyhjdyzmWAAjHo2U78a9.png]
[framerusercontent.com/images/ftogejPdk0oXG19Viy4a234qHg616c.png]
[homy.framer.media/properties/soma-studio.html]
[framerusercontent.com/images/9a5aCxqCQxDVEsE0bOWsRFg80f75.jpg]
[framerusercontent.com/images/es2oGvbB8OM53gOs1e2qqbD2aNw1054.png]
[framerusercontent.com/images/Fe6rPpLacxzC7Z1cRREoqHet3c1054.png]
[framerusercontent.com/images/es2oGvbB8OM53gOs1e2qqbD2aNw61e6.png]
[framerusercontent.com/images/Fe6rPpLacxzC7Z1cRREoqHet3c9e49.png]
[homy.framer.media/properties/beachfront-villa.html]
[framerusercontent.com/images/6yjuB3pZxGM75TLpDgjJWlGWo1054.png]
[framerusercontent.com/images/rT6vg2RX8aiLim0opqC3Iwtu6kM1054.png]
[framerusercontent.com/images/6yjuB3pZxGM75TLpDgjJWlGWoe2de.png]
[framerusercontent.com/images/rT6vg2RX8aiLim0opqC3Iwtu6kMb6bb.png]
[homy.framer.media/properties/sunset-townhouse.html]
[framerusercontent.com/images/pInNAcuAALNGIECEUe99ZaObE1054.png]
[framerusercontent.com/images/sgzKETNeQyBA6mjf7o0jSdsowSA1054.png]
[framerusercontent.com/images/pInNAcuAALNGIECEUe99ZaObE35f6.png]
[framerusercontent.com/images/sgzKETNeQyBA6mjf7o0jSdsowSAc007.png]
[homy.framer.media/properties/palm-springs-villa.html]
[framerusercontent.com/images/xzeaguzAA0OgBXFx0H91koGNS01054.png]
[framerusercontent.com/images/PW7axrL8Esn2j40Yqx3hJpbSgU1054.png]
[framerusercontent.com/images/xzeaguzAA0OgBXFx0H91koGNS05c03.png]
[framerusercontent.com/images/PW7axrL8Esn2j40Yqx3hJpbSgUe659.png]
[homy.framer.media/properties/midtown-apartment.html]
[framerusercontent.com/images/G0R3ubyRPNbeH9XELe8cZNa8tk1054.png]
[framerusercontent.com/images/KQ1RmHeD1Z0nY2GeaDA4G0mwC41054.png]
[framerusercontent.com/images/G0R3ubyRPNbeH9XELe8cZNa8tkd7f3.png]
[framerusercontent.com/images/KQ1RmHeD1Z0nY2GeaDA4G0mwC419d1.png]
[homy.framer.media/properties/lakefront-condo.html]
[framerusercontent.com/images/ZJvCgUpNMSetIKbH80lhnf5Fdc1054.png]
[framerusercontent.com/images/1IzIUI53MTxkf7oWY5y0mQjEJ3Y1054.png]
[framerusercontent.com/images/ZJvCgUpNMSetIKbH80lhnf5Fdcba48.png]
[framerusercontent.com/images/1IzIUI53MTxkf7oWY5y0mQjEJ3Yc1a6.png]
[homy.framer.media/properties/coral-gables-home.html]
[homy.framer.media/terms-of-service.html]
